Archive member included to satisfy reference by file (symbol)

c:/program files (x86)/atmel/studio/7.0/toolchain/avr8/avr8-gnu-toolchain/bin/../lib/gcc/avr/5.4.0/avr4\libgcc.a(_udivmodsi4.o)
                              main.o (__udivmodsi4)
c:/program files (x86)/atmel/studio/7.0/toolchain/avr8/avr8-gnu-toolchain/bin/../lib/gcc/avr/5.4.0/avr4\libgcc.a(_exit.o)
                              C:/Program Files (x86)/Atmel/Studio/7.0/Packs/atmel/ATmega_DFP/1.7.374/gcc/dev/atmega8a/avr4/crtatmega8a.o (exit)
c:/program files (x86)/atmel/studio/7.0/toolchain/avr8/avr8-gnu-toolchain/bin/../lib/gcc/avr/5.4.0/avr4\libgcc.a(_copy_data.o)
                              main_mp.o (__do_copy_data)
c:/program files (x86)/atmel/studio/7.0/toolchain/avr8/avr8-gnu-toolchain/bin/../lib/gcc/avr/5.4.0/avr4\libgcc.a(_clear_bss.o)
                              LicznikCzasu.o (__do_clear_bss)
c:/program files (x86)/atmel/studio/7.0/toolchain/avr8/avr8-gnu-toolchain/bin/../lib/gcc/avr/5.4.0/avr4\libgcc.a(_umulhisi3.o)
                              main.o (__umulhisi3)

Allocating common symbols
Common symbol       size              file

user_onRequest      0x2               twi.o
Wyswietlacz         0xc               main.o
rxBuffer            0x20              twi.o
tryb                0x1               main.o
txBuffer            0x20              twi.o
_tm                 0x11              rtc.o
user_onReceive      0x2               twi.o

Discarded input sections

 .data          0x00000000        0x0 C:/Program Files (x86)/Atmel/Studio/7.0/Packs/atmel/ATmega_DFP/1.7.374/gcc/dev/atmega8a/avr4/crtatmega8a.o
 .bss           0x00000000        0x0 C:/Program Files (x86)/Atmel/Studio/7.0/Packs/atmel/ATmega_DFP/1.7.374/gcc/dev/atmega8a/avr4/crtatmega8a.o
 .text          0x00000000        0x0 Kropka.o
 .data          0x00000000        0x0 Kropka.o
 .bss           0x00000000        0x0 Kropka.o
 .text          0x00000000        0x0 LED.o
 .data          0x00000000        0x0 LED.o
 .bss           0x00000000        0x0 LED.o
 .text.LED_init
                0x00000000       0x1a LED.o
 .text          0x00000000        0x0 LicznikCzasu.o
 .data          0x00000000        0x0 LicznikCzasu.o
 .bss           0x00000000        0x0 LicznikCzasu.o
 .text          0x00000000        0x0 main.o
 .data          0x00000000        0x0 main.o
 .bss           0x00000000        0x0 main.o
 .text.read_rtc
                0x00000000       0x2a main.o
 .text          0x00000000        0x0 main_mp.o
 .data          0x00000000        0x0 main_mp.o
 .bss           0x00000000        0x0 main_mp.o
 .data.katoda   0x00000000        0x1 main_mp.o
 .avr.prop      0x00000000       0x16 main_mp.o
 .text          0x00000000        0x0 Minutnik.o
 .data          0x00000000        0x0 Minutnik.o
 .bss           0x00000000        0x0 Minutnik.o
 .text          0x00000000        0x0 Przyciski.o
 .data          0x00000000        0x0 Przyciski.o
 .bss           0x00000000        0x0 Przyciski.o
 .text          0x00000000        0x0 rtc.o
 .data          0x00000000        0x0 rtc.o
 .bss           0x00000000        0x0 rtc.o
 .text.dec2bcd  0x00000000       0x26 rtc.o
 .text.rtc_read_byte
                0x00000000       0x1a rtc.o
 .text.rtc_write_byte
                0x00000000       0x1c rtc.o
 .text.rtc_init
                0x00000000       0x4c rtc.o
 .text.rtc_is_ds1307
                0x00000000        0x6 rtc.o
 .text.rtc_is_ds3231
                0x00000000        0x6 rtc.o
 .text.rtc_set_ds1307
                0x00000000        0xc rtc.o
 .text.rtc_set_ds3231
                0x00000000        0xc rtc.o
 .text.rtc_get_time
                0x00000000      0x11c rtc.o
 .text.rtc_set_time
                0x00000000       0x68 rtc.o
 .text.rtc_set_time_s
                0x00000000       0x30 rtc.o
 .text.rtc_run_clock
                0x00000000       0x22 rtc.o
 .text.rtc_is_clock_running
                0x00000000       0x1a rtc.o
 .text.ds3231_get_temp_int
                0x00000000       0x5c rtc.o
 .text.rtc_force_temp_conversion
                0x00000000       0x52 rtc.o
 .text.rtc_get_sram_byte
                0x00000000       0x1c rtc.o
 .text.rtc_get_sram
                0x00000000       0x38 rtc.o
 .text.rtc_set_sram_byte
                0x00000000       0x1e rtc.o
 .text.rtc_set_sram
                0x00000000       0x2e rtc.o
 .text.rtc_SQW_enable
                0x00000000       0x70 rtc.o
 .text.rtc_SQW_set_freq
                0x00000000       0x64 rtc.o
 .text.rtc_osc32kHz_enable
                0x00000000       0x3e rtc.o
 .text.rtc_reset_alarm
                0x00000000       0x36 rtc.o
 .text.rtc_set_alarm_s
                0x00000000       0x64 rtc.o
 .text.rtc_set_alarm
                0x00000000       0x10 rtc.o
 .text.rtc_get_alarm_s
                0x00000000       0x72 rtc.o
 .text.rtc_get_alarm
                0x00000000       0x48 rtc.o
 .text.rtc_check_alarm
                0x00000000       0x8e rtc.o
 .bss.s_is_ds3231
                0x00000000        0x1 rtc.o
 .bss.s_is_ds1307
                0x00000000        0x1 rtc.o
 COMMON         0x00000000       0x11 rtc.o
 .text          0x00000000        0x0 Stoper.o
 .data          0x00000000        0x0 Stoper.o
 .bss           0x00000000        0x0 Stoper.o
 .text          0x00000000        0x0 twi-lowlevel.o
 .data          0x00000000        0x0 twi-lowlevel.o
 .bss           0x00000000        0x0 twi-lowlevel.o
 .text.twi_setAddress
                0x00000000        0x6 twi-lowlevel.o
 .text.twi_attachSlaveRxEvent
                0x00000000        0xa twi-lowlevel.o
 .text.twi_attachSlaveTxEvent
                0x00000000        0xa twi-lowlevel.o
 .avr.prop      0x00000000       0x16 twi-lowlevel.o
 .text          0x00000000        0x0 twi.o
 .data          0x00000000        0x0 twi.o
 .bss           0x00000000        0x0 twi.o
 .text.onReceiveService
                0x00000000       0x50 twi.o
 .text.onRequestService
                0x00000000       0x18 twi.o
 .text.twi_init_slave
                0x00000000       0x12 twi.o
 .text.twi_send
                0x00000000       0x3a twi.o
 .text.twi_send_char
                0x00000000       0x14 twi.o
 .text.twi_available
                0x00000000        0xc twi.o
 .text.twi_set_on_receive
                0x00000000        0xa twi.o
 .text.twi_set_on_request
                0x00000000        0xa twi.o
 .text          0x00000000        0x0 c:/program files (x86)/atmel/studio/7.0/toolchain/avr8/avr8-gnu-toolchain/bin/../lib/gcc/avr/5.4.0/avr4\libgcc.a(_udivmodsi4.o)
 .data          0x00000000        0x0 c:/program files (x86)/atmel/studio/7.0/toolchain/avr8/avr8-gnu-toolchain/bin/../lib/gcc/avr/5.4.0/avr4\libgcc.a(_udivmodsi4.o)
 .bss           0x00000000        0x0 c:/program files (x86)/atmel/studio/7.0/toolchain/avr8/avr8-gnu-toolchain/bin/../lib/gcc/avr/5.4.0/avr4\libgcc.a(_udivmodsi4.o)
 .text.libgcc.mul
                0x00000000        0x0 c:/program files (x86)/atmel/studio/7.0/toolchain/avr8/avr8-gnu-toolchain/bin/../lib/gcc/avr/5.4.0/avr4\libgcc.a(_udivmodsi4.o)
 .text.libgcc   0x00000000        0x0 c:/program files (x86)/atmel/studio/7.0/toolchain/avr8/avr8-gnu-toolchain/bin/../lib/gcc/avr/5.4.0/avr4\libgcc.a(_udivmodsi4.o)
 .text.libgcc.prologue
                0x00000000        0x0 c:/program files (x86)/atmel/studio/7.0/toolchain/avr8/avr8-gnu-toolchain/bin/../lib/gcc/avr/5.4.0/avr4\libgcc.a(_udivmodsi4.o)
 .text.libgcc.builtins
                0x00000000        0x0 c:/program files (x86)/atmel/studio/7.0/toolchain/avr8/avr8-gnu-toolchain/bin/../lib/gcc/avr/5.4.0/avr4\libgcc.a(_udivmodsi4.o)
 .text.libgcc.fmul
                0x00000000        0x0 c:/program files (x86)/atmel/studio/7.0/toolchain/avr8/avr8-gnu-toolchain/bin/../lib/gcc/avr/5.4.0/avr4\libgcc.a(_udivmodsi4.o)
 .text.libgcc.fixed
                0x00000000        0x0 c:/program files (x86)/atmel/studio/7.0/toolchain/avr8/avr8-gnu-toolchain/bin/../lib/gcc/avr/5.4.0/avr4\libgcc.a(_udivmodsi4.o)
 .text          0x00000000        0x0 c:/program files (x86)/atmel/studio/7.0/toolchain/avr8/avr8-gnu-toolchain/bin/../lib/gcc/avr/5.4.0/avr4\libgcc.a(_exit.o)
 .data          0x00000000        0x0 c:/program files (x86)/atmel/studio/7.0/toolchain/avr8/avr8-gnu-toolchain/bin/../lib/gcc/avr/5.4.0/avr4\libgcc.a(_exit.o)
 .bss           0x00000000        0x0 c:/program files (x86)/atmel/studio/7.0/toolchain/avr8/avr8-gnu-toolchain/bin/../lib/gcc/avr/5.4.0/avr4\libgcc.a(_exit.o)
 .text.libgcc.mul
                0x00000000        0x0 c:/program files (x86)/atmel/studio/7.0/toolchain/avr8/avr8-gnu-toolchain/bin/../lib/gcc/avr/5.4.0/avr4\libgcc.a(_exit.o)
 .text.libgcc.div
                0x00000000        0x0 c:/program files (x86)/atmel/studio/7.0/toolchain/avr8/avr8-gnu-toolchain/bin/../lib/gcc/avr/5.4.0/avr4\libgcc.a(_exit.o)
 .text.libgcc   0x00000000        0x0 c:/program files (x86)/atmel/studio/7.0/toolchain/avr8/avr8-gnu-toolchain/bin/../lib/gcc/avr/5.4.0/avr4\libgcc.a(_exit.o)
 .text.libgcc.prologue
                0x00000000        0x0 c:/program files (x86)/atmel/studio/7.0/toolchain/avr8/avr8-gnu-toolchain/bin/../lib/gcc/avr/5.4.0/avr4\libgcc.a(_exit.o)
 .text.libgcc.builtins
                0x00000000        0x0 c:/program files (x86)/atmel/studio/7.0/toolchain/avr8/avr8-gnu-toolchain/bin/../lib/gcc/avr/5.4.0/avr4\libgcc.a(_exit.o)
 .text.libgcc.fmul
                0x00000000        0x0 c:/program files (x86)/atmel/studio/7.0/toolchain/avr8/avr8-gnu-toolchain/bin/../lib/gcc/avr/5.4.0/avr4\libgcc.a(_exit.o)
 .text.libgcc.fixed
                0x00000000        0x0 c:/program files (x86)/atmel/studio/7.0/toolchain/avr8/avr8-gnu-toolchain/bin/../lib/gcc/avr/5.4.0/avr4\libgcc.a(_exit.o)
 .text          0x00000000        0x0 c:/program files (x86)/atmel/studio/7.0/toolchain/avr8/avr8-gnu-toolchain/bin/../lib/gcc/avr/5.4.0/avr4\libgcc.a(_copy_data.o)
 .data          0x00000000        0x0 c:/program files (x86)/atmel/studio/7.0/toolchain/avr8/avr8-gnu-toolchain/bin/../lib/gcc/avr/5.4.0/avr4\libgcc.a(_copy_data.o)
 .bss           0x00000000        0x0 c:/program files (x86)/atmel/studio/7.0/toolchain/avr8/avr8-gnu-toolchain/bin/../lib/gcc/avr/5.4.0/avr4\libgcc.a(_copy_data.o)
 .text.libgcc.mul
                0x00000000        0x0 c:/program files (x86)/atmel/studio/7.0/toolchain/avr8/avr8-gnu-toolchain/bin/../lib/gcc/avr/5.4.0/avr4\libgcc.a(_copy_data.o)
 .text.libgcc.div
                0x00000000        0x0 c:/program files (x86)/atmel/studio/7.0/toolchain/avr8/avr8-gnu-toolchain/bin/../lib/gcc/avr/5.4.0/avr4\libgcc.a(_copy_data.o)
 .text.libgcc   0x00000000        0x0 c:/program files (x86)/atmel/studio/7.0/toolchain/avr8/avr8-gnu-toolchain/bin/../lib/gcc/avr/5.4.0/avr4\libgcc.a(_copy_data.o)
 .text.libgcc.prologue
                0x00000000        0x0 c:/program files (x86)/atmel/studio/7.0/toolchain/avr8/avr8-gnu-toolchain/bin/../lib/gcc/avr/5.4.0/avr4\libgcc.a(_copy_data.o)
 .text.libgcc.builtins
                0x00000000        0x0 c:/program files (x86)/atmel/studio/7.0/toolchain/avr8/avr8-gnu-toolchain/bin/../lib/gcc/avr/5.4.0/avr4\libgcc.a(_copy_data.o)
 .text.libgcc.fmul
                0x00000000        0x0 c:/program files (x86)/atmel/studio/7.0/toolchain/avr8/avr8-gnu-toolchain/bin/../lib/gcc/avr/5.4.0/avr4\libgcc.a(_copy_data.o)
 .text.libgcc.fixed
                0x00000000        0x0 c:/program files (x86)/atmel/studio/7.0/toolchain/avr8/avr8-gnu-toolchain/bin/../lib/gcc/avr/5.4.0/avr4\libgcc.a(_copy_data.o)
 .text          0x00000000        0x0 c:/program files (x86)/atmel/studio/7.0/toolchain/avr8/avr8-gnu-toolchain/bin/../lib/gcc/avr/5.4.0/avr4\libgcc.a(_clear_bss.o)
 .data          0x00000000        0x0 c:/program files (x86)/atmel/studio/7.0/toolchain/avr8/avr8-gnu-toolchain/bin/../lib/gcc/avr/5.4.0/avr4\libgcc.a(_clear_bss.o)
 .bss           0x00000000        0x0 c:/program files (x86)/atmel/studio/7.0/toolchain/avr8/avr8-gnu-toolchain/bin/../lib/gcc/avr/5.4.0/avr4\libgcc.a(_clear_bss.o)
 .text.libgcc.mul
                0x00000000        0x0 c:/program files (x86)/atmel/studio/7.0/toolchain/avr8/avr8-gnu-toolchain/bin/../lib/gcc/avr/5.4.0/avr4\libgcc.a(_clear_bss.o)
 .text.libgcc.div
                0x00000000        0x0 c:/program files (x86)/atmel/studio/7.0/toolchain/avr8/avr8-gnu-toolchain/bin/../lib/gcc/avr/5.4.0/avr4\libgcc.a(_clear_bss.o)
 .text.libgcc   0x00000000        0x0 c:/program files (x86)/atmel/studio/7.0/toolchain/avr8/avr8-gnu-toolchain/bin/../lib/gcc/avr/5.4.0/avr4\libgcc.a(_clear_bss.o)
 .text.libgcc.prologue
                0x00000000        0x0 c:/program files (x86)/atmel/studio/7.0/toolchain/avr8/avr8-gnu-toolchain/bin/../lib/gcc/avr/5.4.0/avr4\libgcc.a(_clear_bss.o)
 .text.libgcc.builtins
                0x00000000        0x0 c:/program files (x86)/atmel/studio/7.0/toolchain/avr8/avr8-gnu-toolchain/bin/../lib/gcc/avr/5.4.0/avr4\libgcc.a(_clear_bss.o)
 .text.libgcc.fmul
                0x00000000        0x0 c:/program files (x86)/atmel/studio/7.0/toolchain/avr8/avr8-gnu-toolchain/bin/../lib/gcc/avr/5.4.0/avr4\libgcc.a(_clear_bss.o)
 .text.libgcc.fixed
                0x00000000        0x0 c:/program files (x86)/atmel/studio/7.0/toolchain/avr8/avr8-gnu-toolchain/bin/../lib/gcc/avr/5.4.0/avr4\libgcc.a(_clear_bss.o)
 .text          0x00000000        0x0 c:/program files (x86)/atmel/studio/7.0/toolchain/avr8/avr8-gnu-toolchain/bin/../lib/gcc/avr/5.4.0/avr4\libgcc.a(_umulhisi3.o)
 .data          0x00000000        0x0 c:/program files (x86)/atmel/studio/7.0/toolchain/avr8/avr8-gnu-toolchain/bin/../lib/gcc/avr/5.4.0/avr4\libgcc.a(_umulhisi3.o)
 .bss           0x00000000        0x0 c:/program files (x86)/atmel/studio/7.0/toolchain/avr8/avr8-gnu-toolchain/bin/../lib/gcc/avr/5.4.0/avr4\libgcc.a(_umulhisi3.o)
 .text.libgcc.div
                0x00000000        0x0 c:/program files (x86)/atmel/studio/7.0/toolchain/avr8/avr8-gnu-toolchain/bin/../lib/gcc/avr/5.4.0/avr4\libgcc.a(_umulhisi3.o)
 .text.libgcc   0x00000000        0x0 c:/program files (x86)/atmel/studio/7.0/toolchain/avr8/avr8-gnu-toolchain/bin/../lib/gcc/avr/5.4.0/avr4\libgcc.a(_umulhisi3.o)
 .text.libgcc.prologue
                0x00000000        0x0 c:/program files (x86)/atmel/studio/7.0/toolchain/avr8/avr8-gnu-toolchain/bin/../lib/gcc/avr/5.4.0/avr4\libgcc.a(_umulhisi3.o)
 .text.libgcc.builtins
                0x00000000        0x0 c:/program files (x86)/atmel/studio/7.0/toolchain/avr8/avr8-gnu-toolchain/bin/../lib/gcc/avr/5.4.0/avr4\libgcc.a(_umulhisi3.o)
 .text.libgcc.fmul
                0x00000000        0x0 c:/program files (x86)/atmel/studio/7.0/toolchain/avr8/avr8-gnu-toolchain/bin/../lib/gcc/avr/5.4.0/avr4\libgcc.a(_umulhisi3.o)
 .text.libgcc.fixed
                0x00000000        0x0 c:/program files (x86)/atmel/studio/7.0/toolchain/avr8/avr8-gnu-toolchain/bin/../lib/gcc/avr/5.4.0/avr4\libgcc.a(_umulhisi3.o)

Memory Configuration

Name             Origin             Length             Attributes
text             0x00000000         0x00002000         xr
data             0x00800060         0x00000400         rw !x
eeprom           0x00810000         0x00000200         rw !x
fuse             0x00820000         0x00000002         rw !x
lock             0x00830000         0x00000400         rw !x
signature        0x00840000         0x00000400         rw !x
user_signatures  0x00850000         0x00000400         rw !x
*default*        0x00000000         0xffffffff

Linker script and memory map

LOAD C:/Program Files (x86)/Atmel/Studio/7.0/Packs/atmel/ATmega_DFP/1.7.374/gcc/dev/atmega8a/avr4/crtatmega8a.o
LOAD Kropka.o
LOAD LED.o
LOAD LicznikCzasu.o
LOAD main.o
LOAD main_mp.o
LOAD Minutnik.o
LOAD Przyciski.o
LOAD rtc.o
LOAD Stoper.o
LOAD twi-lowlevel.o
LOAD twi.o
START GROUP
LOAD c:/program files (x86)/atmel/studio/7.0/toolchain/avr8/avr8-gnu-toolchain/bin/../lib/gcc/avr/5.4.0/../../../../avr/lib/avr4\libm.a
END GROUP
START GROUP
LOAD c:/program files (x86)/atmel/studio/7.0/toolchain/avr8/avr8-gnu-toolchain/bin/../lib/gcc/avr/5.4.0/avr4\libgcc.a
LOAD c:/program files (x86)/atmel/studio/7.0/toolchain/avr8/avr8-gnu-toolchain/bin/../lib/gcc/avr/5.4.0/../../../../avr/lib/avr4\libm.a
LOAD c:/program files (x86)/atmel/studio/7.0/toolchain/avr8/avr8-gnu-toolchain/bin/../lib/gcc/avr/5.4.0/../../../../avr/lib/avr4\libc.a
LOAD C:/Program Files (x86)/Atmel/Studio/7.0/Packs/atmel/ATmega_DFP/1.7.374/gcc/dev/atmega8a/avr4\libatmega8a.a
END GROUP
                [0x00000000]                __TEXT_REGION_ORIGIN__ = DEFINED (__TEXT_REGION_ORIGIN__)?__TEXT_REGION_ORIGIN__:0x0
                [0x00800060]                __DATA_REGION_ORIGIN__ = DEFINED (__DATA_REGION_ORIGIN__)?__DATA_REGION_ORIGIN__:0x800060
                [0x00002000]                __TEXT_REGION_LENGTH__ = DEFINED (__TEXT_REGION_LENGTH__)?__TEXT_REGION_LENGTH__:0x2000
                [0x00000400]                __DATA_REGION_LENGTH__ = DEFINED (__DATA_REGION_LENGTH__)?__DATA_REGION_LENGTH__:0xffa0
                [0x00000200]                __EEPROM_REGION_LENGTH__ = DEFINED (__EEPROM_REGION_LENGTH__)?__EEPROM_REGION_LENGTH__:0x10000
                [0x00000002]                __FUSE_REGION_LENGTH__ = DEFINED (__FUSE_REGION_LENGTH__)?__FUSE_REGION_LENGTH__:0x400
                0x00000400                __LOCK_REGION_LENGTH__ = DEFINED (__LOCK_REGION_LENGTH__)?__LOCK_REGION_LENGTH__:0x400
                0x00000400                __SIGNATURE_REGION_LENGTH__ = DEFINED (__SIGNATURE_REGION_LENGTH__)?__SIGNATURE_REGION_LENGTH__:0x400
                0x00000400                __USER_SIGNATURE_REGION_LENGTH__ = DEFINED (__USER_SIGNATURE_REGION_LENGTH__)?__USER_SIGNATURE_REGION_LENGTH__:0x400

.hash
 *(.hash)

.dynsym
 *(.dynsym)

.dynstr
 *(.dynstr)

.gnu.version
 *(.gnu.version)

.gnu.version_d
 *(.gnu.version_d)

.gnu.version_r
 *(.gnu.version_r)

.rel.init
 *(.rel.init)

.rela.init
 *(.rela.init)

.rel.text
 *(.rel.text)
 *(.rel.text.*)
 *(.rel.gnu.linkonce.t*)

.rela.text
 *(.rela.text)
 *(.rela.text.*)
 *(.rela.gnu.linkonce.t*)

.rel.fini
 *(.rel.fini)

.rela.fini
 *(.rela.fini)

.rel.rodata
 *(.rel.rodata)
 *(.rel.rodata.*)
 *(.rel.gnu.linkonce.r*)

.rela.rodata
 *(.rela.rodata)
 *(.rela.rodata.*)
 *(.rela.gnu.linkonce.r*)

.rel.data
 *(.rel.data)
 *(.rel.data.*)
 *(.rel.gnu.linkonce.d*)

.rela.data
 *(.rela.data)
 *(.rela.data.*)
 *(.rela.gnu.linkonce.d*)

.rel.ctors
 *(.rel.ctors)

.rela.ctors
 *(.rela.ctors)

.rel.dtors
 *(.rel.dtors)

.rela.dtors
 *(.rela.dtors)

.rel.got
 *(.rel.got)

.rela.got
 *(.rela.got)

.rel.bss
 *(.rel.bss)

.rela.bss
 *(.rela.bss)

.rel.plt
 *(.rel.plt)

.rela.plt
 *(.rela.plt)

.text           0x00000000      0xe0a
 *(.vectors)
 .vectors       0x00000000       0x26 C:/Program Files (x86)/Atmel/Studio/7.0/Packs/atmel/ATmega_DFP/1.7.374/gcc/dev/atmega8a/avr4/crtatmega8a.o
                0x00000000                __vector_default
                0x00000000                __vectors
 *(.vectors)
 *(.progmem.gcc*)
 .progmem.gcc_sw_table.PodajZnak
                0x00000026       0x12 main_mp.o
 .progmem.gcc_sw_table.__vector_17
                0x00000038      0x192 twi-lowlevel.o
                0x000001ca                . = ALIGN (0x2)
                0x000001ca                __trampolines_start = .
 *(.trampolines)
 .trampolines   0x000001ca        0x0 linker stubs
 *(.trampolines*)
                0x000001ca                __trampolines_end = .
 *libprintf_flt.a:*(.progmem.data)
 *libc.a:*(.progmem.data)
 *(.progmem*)
                0x000001ca                . = ALIGN (0x2)
 *(.jumptables)
 *(.jumptables*)
 *(.lowtext)
 *(.lowtext*)
                0x000001ca                __ctors_start = .
 *(.ctors)
                0x000001ca                __ctors_end = .
                0x000001ca                __dtors_start = .
 *(.dtors)
                0x000001ca                __dtors_end = .
 SORT(*)(.ctors)
 SORT(*)(.dtors)
 *(.init0)
 .init0         0x000001ca        0x0 C:/Program Files (x86)/Atmel/Studio/7.0/Packs/atmel/ATmega_DFP/1.7.374/gcc/dev/atmega8a/avr4/crtatmega8a.o
                0x000001ca                __init
 *(.init0)
 *(.init1)
 *(.init1)
 *(.init2)
 .init2         0x000001ca        0xc C:/Program Files (x86)/Atmel/Studio/7.0/Packs/atmel/ATmega_DFP/1.7.374/gcc/dev/atmega8a/avr4/crtatmega8a.o
 *(.init2)
 *(.init3)
 *(.init3)
 *(.init4)
 .init4         0x000001d6       0x16 c:/program files (x86)/atmel/studio/7.0/toolchain/avr8/avr8-gnu-toolchain/bin/../lib/gcc/avr/5.4.0/avr4\libgcc.a(_copy_data.o)
                0x000001d6                __do_copy_data
 .init4         0x000001ec       0x10 c:/program files (x86)/atmel/studio/7.0/toolchain/avr8/avr8-gnu-toolchain/bin/../lib/gcc/avr/5.4.0/avr4\libgcc.a(_clear_bss.o)
                0x000001ec                __do_clear_bss
 *(.init4)
 *(.init5)
 *(.init5)
 *(.init6)
 *(.init6)
 *(.init7)
 *(.init7)
 *(.init8)
 *(.init8)
 *(.init9)
 .init9         0x000001fc        0x4 C:/Program Files (x86)/Atmel/Studio/7.0/Packs/atmel/ATmega_DFP/1.7.374/gcc/dev/atmega8a/avr4/crtatmega8a.o
 *(.init9)
 *(.text)
 .text          0x00000200        0x2 C:/Program Files (x86)/Atmel/Studio/7.0/Packs/atmel/ATmega_DFP/1.7.374/gcc/dev/atmega8a/avr4/crtatmega8a.o
                0x00000200                __vector_1
                0x00000200                __vector_12
                0x00000200                __bad_interrupt
                0x00000200                __vector_11
                0x00000200                __vector_13
                0x00000200                __vector_7
                0x00000200                __vector_5
                0x00000200                __vector_4
                0x00000200                __vector_9
                0x00000200                __vector_2
                0x00000200                __vector_15
                0x00000200                __vector_8
                0x00000200                __vector_14
                0x00000200                __vector_10
                0x00000200                __vector_16
                0x00000200                __vector_18
                0x00000202                . = ALIGN (0x2)
 *(.text.*)
 .text.obsluzKropke
                0x00000202       0x14 Kropka.o
                0x00000202                obsluzKropke
 .text.LEDSet   0x00000216       0x34 LED.o
                0x00000216                LEDSet
 .text.zmianaTrybuLed
                0x0000024a       0x32 LED.o
                0x0000024a                zmianaTrybuLed
 .text.wylaczLicznikCzasu
                0x0000027c        0xe LicznikCzasu.o
                0x0000027c                wylaczLicznikCzasu
 .text.uruchomLicznikCzasu
                0x0000028a       0x18 LicznikCzasu.o
                0x0000028a                uruchomLicznikCzasu
 .text.ObsluzPrzycisk
                0x000002a2       0x5c main.o
                0x000002a2                ObsluzPrzycisk
 .text.wyzerowanie
                0x000002fe       0x1a main.o
                0x000002fe                wyzerowanie
 .text.__vector_6
                0x00000318       0x4a main.o
                0x00000318                __vector_6
 .text.main     0x00000362      0x2e6 main.o
                0x00000362                main
 .text.PodajZnak
                0x00000648       0x4e main_mp.o
                0x00000648                PodajZnak
 .text.wyswietl
                0x00000696       0x5e main_mp.o
                0x00000696                wyswietl
 .text.multipleks_init
                0x000006f4       0x62 main_mp.o
                0x000006f4                multipleks_init
 .text.__vector_3
                0x00000756       0xb4 main_mp.o
                0x00000756                __vector_3
 .text.MinutnikPrzyciskRozpoczynajacyOdliczanie
                0x0000080a       0x10 Minutnik.o
                0x0000080a                MinutnikPrzyciskRozpoczynajacyOdliczanie
 .text.MinutnikWyzerowanie
                0x0000081a       0x1c Minutnik.o
                0x0000081a                MinutnikWyzerowanie
 .text.MinutnikZmianaWartosciWGore
                0x00000836       0x2e Minutnik.o
                0x00000836                MinutnikZmianaWartosciWGore
 .text.P1_init  0x00000864        0xe Przyciski.o
                0x00000864                P1_init
 .text.P2_init  0x00000872        0xe Przyciski.o
                0x00000872                P2_init
 .text.P3_init  0x00000880        0xe Przyciski.o
                0x00000880                P3_init
 .text.P4_init  0x0000088e        0xe Przyciski.o
                0x0000088e                P4_init
 .text.ObsluzPrzyciskZmianyTrybu
                0x0000089c       0x38 Przyciski.o
                0x0000089c                ObsluzPrzyciskZmianyTrybu
 .text.bcd2dec  0x000008d4       0x16 rtc.o
                0x000008d4                bcd2dec
 .text.rtc_get_time_s
                0x000008ea       0xaa rtc.o
                0x000008ea                rtc_get_time_s
 .text.twi_init
                0x00000994       0x26 twi-lowlevel.o
                0x00000994                twi_init
 .text.twi_readFrom
                0x000009ba       0x6c twi-lowlevel.o
                0x000009ba                twi_readFrom
 .text.twi_writeTo
                0x00000a26       0x80 twi-lowlevel.o
                0x00000a26                twi_writeTo
 .text.twi_transmit
                0x00000aa6       0x3c twi-lowlevel.o
                0x00000aa6                twi_transmit
 .text.twi_reply
                0x00000ae2       0x10 twi-lowlevel.o
                0x00000ae2                twi_reply
 .text.twi_stop
                0x00000af2       0x10 twi-lowlevel.o
                0x00000af2                twi_stop
 .text.twi_releaseBus
                0x00000b02        0xa twi-lowlevel.o
                0x00000b02                twi_releaseBus
 .text.__vector_17
                0x00000b0c      0x1d6 twi-lowlevel.o
                0x00000b0c                __vector_17
 .text.twi_init_master
                0x00000ce2       0x14 twi.o
                0x00000ce2                twi_init_master
 .text.twi_request_from
                0x00000cf6       0x18 twi.o
                0x00000cf6                twi_request_from
 .text.twi_begin_transmission
                0x00000d0e       0x14 twi.o
                0x00000d0e                twi_begin_transmission
 .text.twi_end_transmission
                0x00000d22       0x1e twi.o
                0x00000d22                twi_end_transmission
 .text.twi_send_byte
                0x00000d40       0x48 twi.o
                0x00000d40                twi_send_byte
 .text.twi_receive
                0x00000d88       0x22 twi.o
                0x00000d88                twi_receive
 .text.libgcc.div
                0x00000daa       0x44 c:/program files (x86)/atmel/studio/7.0/toolchain/avr8/avr8-gnu-toolchain/bin/../lib/gcc/avr/5.4.0/avr4\libgcc.a(_udivmodsi4.o)
                0x00000daa                __udivmodsi4
 .text.libgcc.mul
                0x00000dee       0x18 c:/program files (x86)/atmel/studio/7.0/toolchain/avr8/avr8-gnu-toolchain/bin/../lib/gcc/avr/5.4.0/avr4\libgcc.a(_umulhisi3.o)
                0x00000dee                __umulhisi3
                0x00000e06                . = ALIGN (0x2)
 *(.fini9)
 .fini9         0x00000e06        0x0 c:/program files (x86)/atmel/studio/7.0/toolchain/avr8/avr8-gnu-toolchain/bin/../lib/gcc/avr/5.4.0/avr4\libgcc.a(_exit.o)
                0x00000e06                _exit
                0x00000e06                exit
 *(.fini9)
 *(.fini8)
 *(.fini8)
 *(.fini7)
 *(.fini7)
 *(.fini6)
 *(.fini6)
 *(.fini5)
 *(.fini5)
 *(.fini4)
 *(.fini4)
 *(.fini3)
 *(.fini3)
 *(.fini2)
 *(.fini2)
 *(.fini1)
 *(.fini1)
 *(.fini0)
 .fini0         0x00000e06        0x4 c:/program files (x86)/atmel/studio/7.0/toolchain/avr8/avr8-gnu-toolchain/bin/../lib/gcc/avr/5.4.0/avr4\libgcc.a(_exit.o)
 *(.fini0)
                0x00000e0a                _etext = .

.data           0x00800060        0x2 load address 0x00000e0a
                0x00800060                PROVIDE (__data_start, .)
 *(.data)
 *(.data*)
 .data.numerZnaku
                0x00800060        0x1 main_mp.o
                0x00800060                numerZnaku
 *(.gnu.linkonce.d*)
 *(.rodata)
 *(.rodata*)
 *(.gnu.linkonce.r*)
                0x00800062                . = ALIGN (0x2)
 *fill*         0x00800061        0x1 
                0x00800062                _edata = .
                0x00800062                PROVIDE (__data_end, .)

.bss            0x00800062       0xcf
                0x00800062                PROVIDE (__bss_start, .)
 *(.bss)
 *(.bss*)
 .bss.licznikCzasu
                0x00800062        0x4 LicznikCzasu.o
                0x00800062                licznikCzasu
 .bss.flagaZatrzymania
                0x00800066        0x1 main.o
                0x00800066                flagaZatrzymania
 .bss.flagaMinutnika
                0x00800067        0x1 Minutnik.o
                0x00800067                flagaMinutnika
 .bss.licznikMinutnikaStartowy
                0x00800068        0x2 Minutnik.o
                0x00800068                licznikMinutnikaStartowy
 .bss.licznikMinutnika
                0x0080006a        0x2 Minutnik.o
                0x0080006a                licznikMinutnika
 .bss.licznikStopera
                0x0080006c        0x2 Stoper.o
                0x0080006c                licznikStopera
 .bss.twi_error
                0x0080006e        0x1 twi-lowlevel.o
 .bss.twi_rxBufferIndex
                0x0080006f        0x1 twi-lowlevel.o
 .bss.twi_rxBuffer
                0x00800070       0x20 twi-lowlevel.o
 .bss.twi_txBufferLength
                0x00800090        0x1 twi-lowlevel.o
 .bss.twi_txBufferIndex
                0x00800091        0x1 twi-lowlevel.o
 .bss.twi_txBuffer
                0x00800092       0x20 twi-lowlevel.o
 .bss.twi_masterBufferLength
                0x008000b2        0x1 twi-lowlevel.o
 .bss.twi_masterBufferIndex
                0x008000b3        0x1 twi-lowlevel.o
 .bss.twi_masterBuffer
                0x008000b4       0x20 twi-lowlevel.o
 .bss.twi_onSlaveReceive
                0x008000d4        0x2 twi-lowlevel.o
 .bss.twi_onSlaveTransmit
                0x008000d6        0x2 twi-lowlevel.o
 .bss.twi_slarw
                0x008000d8        0x1 twi-lowlevel.o
 .bss.twi_state
                0x008000d9        0x1 twi-lowlevel.o
 .bss.transmitting
                0x008000da        0x1 twi.o
                0x008000da                transmitting
 .bss.txBufferLength
                0x008000db        0x1 twi.o
                0x008000db                txBufferLength
 .bss.txBufferIndex
                0x008000dc        0x1 twi.o
                0x008000dc                txBufferIndex
 .bss.txAddress
                0x008000dd        0x1 twi.o
                0x008000dd                txAddress
 .bss.rxBufferLength
                0x008000de        0x1 twi.o
                0x008000de                rxBufferLength
 .bss.rxBufferIndex
                0x008000df        0x1 twi.o
                0x008000df                rxBufferIndex
 *(COMMON)
 COMMON         0x008000e0        0xd main.o
                0x008000e0                Wyswietlacz
                0x008000ec                tryb
 COMMON         0x008000ed       0x44 twi.o
                0x008000ed                user_onRequest
                0x008000ef                rxBuffer
                0x0080010f                txBuffer
                0x0080012f                user_onReceive
                0x00800131                PROVIDE (__bss_end, .)
                0x00000e0a                __data_load_start = LOADADDR (.data)
                0x00000e0c                __data_load_end = (__data_load_start + SIZEOF (.data))

.noinit         0x00800131        0x0
                [!provide]                PROVIDE (__noinit_start, .)
 *(.noinit*)
                [!provide]                PROVIDE (__noinit_end, .)
                0x00800131                _end = .
                [!provide]                PROVIDE (__heap_start, .)

.eeprom         0x00810000        0x0
 *(.eeprom*)
                0x00810000                __eeprom_end = .

.fuse
 *(.fuse)
 *(.lfuse)
 *(.hfuse)
 *(.efuse)

.lock
 *(.lock*)

.signature
 *(.signature*)

.user_signatures
 *(.user_signatures*)

.stab
 *(.stab)

.stabstr
 *(.stabstr)

.stab.excl
 *(.stab.excl)

.stab.exclstr
 *(.stab.exclstr)

.stab.index
 *(.stab.index)

.stab.indexstr
 *(.stab.indexstr)

.comment        0x00000000       0x30
 *(.comment)
 .comment       0x00000000       0x30 Kropka.o
                                 0x31 (size before relaxing)
 .comment       0x00000030       0x31 LED.o
 .comment       0x00000030       0x31 LicznikCzasu.o
 .comment       0x00000030       0x31 main.o
 .comment       0x00000030       0x31 main_mp.o
 .comment       0x00000030       0x31 Minutnik.o
 .comment       0x00000030       0x31 Przyciski.o
 .comment       0x00000030       0x31 rtc.o
 .comment       0x00000030       0x31 Stoper.o
 .comment       0x00000030       0x31 twi-lowlevel.o
 .comment       0x00000030       0x31 twi.o

.note.gnu.avr.deviceinfo
                0x00000000       0x3c
 .note.gnu.avr.deviceinfo
                0x00000000       0x3c C:/Program Files (x86)/Atmel/Studio/7.0/Packs/atmel/ATmega_DFP/1.7.374/gcc/dev/atmega8a/avr4/crtatmega8a.o

.note.gnu.build-id
 *(.note.gnu.build-id)

.debug
 *(.debug)

.line
 *(.line)

.debug_srcinfo
 *(.debug_srcinfo)

.debug_sfnames
 *(.debug_sfnames)

.debug_aranges  0x00000000      0x378
 *(.debug_aranges)
 .debug_aranges
                0x00000000       0x20 Kropka.o
 .debug_aranges
                0x00000020       0x30 LED.o
 .debug_aranges
                0x00000050       0x28 LicznikCzasu.o
 .debug_aranges
                0x00000078       0x40 main.o
 .debug_aranges
                0x000000b8       0x38 main_mp.o
 .debug_aranges
                0x000000f0       0x30 Minutnik.o
 .debug_aranges
                0x00000120       0x40 Przyciski.o
 .debug_aranges
                0x00000160      0x108 rtc.o
 .debug_aranges
                0x00000268       0x18 Stoper.o
 .debug_aranges
                0x00000280       0x70 twi-lowlevel.o
 .debug_aranges
                0x000002f0       0x88 twi.o

.debug_pubnames
 *(.debug_pubnames)

.debug_info     0x00000000     0x33a6
 *(.debug_info .gnu.linkonce.wi.*)
 .debug_info    0x00000000      0x48c C:/Program Files (x86)/Atmel/Studio/7.0/Packs/atmel/ATmega_DFP/1.7.374/gcc/dev/atmega8a/avr4/crtatmega8a.o
 .debug_info    0x0000048c       0x9e Kropka.o
 .debug_info    0x0000052a      0x192 LED.o
 .debug_info    0x000006bc       0xb9 LicznikCzasu.o
 .debug_info    0x00000775      0x55c main.o
 .debug_info    0x00000cd1      0x393 main_mp.o
 .debug_info    0x00001064      0x1a4 Minutnik.o
 .debug_info    0x00001208      0x175 Przyciski.o
 .debug_info    0x0000137d     0x157e rtc.o
 .debug_info    0x000028fb       0x73 Stoper.o
 .debug_info    0x0000296e      0x4e6 twi-lowlevel.o
 .debug_info    0x00002e54      0x552 twi.o

.debug_abbrev   0x00000000     0x1155
 *(.debug_abbrev)
 .debug_abbrev  0x00000000      0x44e C:/Program Files (x86)/Atmel/Studio/7.0/Packs/atmel/ATmega_DFP/1.7.374/gcc/dev/atmega8a/avr4/crtatmega8a.o
 .debug_abbrev  0x0000044e       0x62 Kropka.o
 .debug_abbrev  0x000004b0      0x114 LED.o
 .debug_abbrev  0x000005c4       0x67 LicznikCzasu.o
 .debug_abbrev  0x0000062b      0x1d1 main.o
 .debug_abbrev  0x000007fc      0x186 main_mp.o
 .debug_abbrev  0x00000982      0x102 Minutnik.o
 .debug_abbrev  0x00000a84       0xb9 Przyciski.o
 .debug_abbrev  0x00000b3d      0x289 rtc.o
 .debug_abbrev  0x00000dc6       0x44 Stoper.o
 .debug_abbrev  0x00000e0a      0x195 twi-lowlevel.o
 .debug_abbrev  0x00000f9f      0x1b6 twi.o

.debug_line     0x00000000     0x1f23
 *(.debug_line .debug_line.* .debug_line_end)
 .debug_line    0x00000000      0x10a C:/Program Files (x86)/Atmel/Studio/7.0/Packs/atmel/ATmega_DFP/1.7.374/gcc/dev/atmega8a/avr4/crtatmega8a.o
 .debug_line    0x0000010a       0xaf Kropka.o
 .debug_line    0x000001b9      0x183 LED.o
 .debug_line    0x0000033c       0xcb LicznikCzasu.o
 .debug_line    0x00000407      0x3a3 main.o
 .debug_line    0x000007aa      0x2b5 main_mp.o
 .debug_line    0x00000a5f      0x18c Minutnik.o
 .debug_line    0x00000beb      0x165 Przyciski.o
 .debug_line    0x00000d50      0x9c4 rtc.o
 .debug_line    0x00001714       0x8d Stoper.o
 .debug_line    0x000017a1      0x477 twi-lowlevel.o
 .debug_line    0x00001c18      0x30b twi.o

.debug_frame    0x00000000      0x858
 *(.debug_frame)
 .debug_frame   0x00000000       0x24 Kropka.o
 .debug_frame   0x00000024       0x44 LED.o
 .debug_frame   0x00000068       0x34 LicznikCzasu.o
 .debug_frame   0x0000009c       0xa4 main.o
 .debug_frame   0x00000140       0xa4 main_mp.o
 .debug_frame   0x000001e4       0x44 Minutnik.o
 .debug_frame   0x00000228       0x64 Przyciski.o
 .debug_frame   0x0000028c      0x39c rtc.o
 .debug_frame   0x00000628      0x10c twi-lowlevel.o
 .debug_frame   0x00000734      0x124 twi.o

.debug_str      0x00000000      0xb05
 *(.debug_str)
 .debug_str     0x00000000      0x17a C:/Program Files (x86)/Atmel/Studio/7.0/Packs/atmel/ATmega_DFP/1.7.374/gcc/dev/atmega8a/avr4/crtatmega8a.o
 .debug_str     0x0000017a      0x145 Kropka.o
                                0x179 (size before relaxing)
 .debug_str     0x000002bf       0x7b LED.o
                                0x1d2 (size before relaxing)
 .debug_str     0x0000033a       0x48 LicznikCzasu.o
                                0x1a2 (size before relaxing)
 .debug_str     0x00000382      0x199 main.o
                                0x37b (size before relaxing)
 .debug_str     0x0000051b       0x52 main_mp.o
                                0x239 (size before relaxing)
 .debug_str     0x0000056d       0x10 Minutnik.o
                                0x268 (size before relaxing)
 .debug_str     0x0000057d       0x11 Przyciski.o
                                0x1e0 (size before relaxing)
 .debug_str     0x0000058e      0x2e8 rtc.o
                                0x466 (size before relaxing)
 .debug_str     0x00000876        0xe Stoper.o
                                0x16f (size before relaxing)
 .debug_str     0x00000884      0x19f twi-lowlevel.o
                                0x307 (size before relaxing)
 .debug_str     0x00000a23       0xe2 twi.o
                                0x37c (size before relaxing)

.debug_loc      0x00000000     0x1b9a
 *(.debug_loc)
 .debug_loc     0x00000000       0x3a Kropka.o
 .debug_loc     0x0000003a       0xfc LED.o
 .debug_loc     0x00000136      0x1fd main.o
 .debug_loc     0x00000333      0x40d main_mp.o
 .debug_loc     0x00000740       0x48 Minutnik.o
 .debug_loc     0x00000788      0xee7 rtc.o
 .debug_loc     0x0000166f      0x25d twi-lowlevel.o
 .debug_loc     0x000018cc      0x2ce twi.o

.debug_macinfo
 *(.debug_macinfo)

.debug_weaknames
 *(.debug_weaknames)

.debug_funcnames
 *(.debug_funcnames)

.debug_typenames
 *(.debug_typenames)

.debug_varnames
 *(.debug_varnames)

.debug_pubtypes
 *(.debug_pubtypes)

.debug_ranges   0x00000000      0x2d8
 *(.debug_ranges)
 .debug_ranges  0x00000000       0x10 Kropka.o
 .debug_ranges  0x00000010       0x20 LED.o
 .debug_ranges  0x00000030       0x18 LicznikCzasu.o
 .debug_ranges  0x00000048       0x30 main.o
 .debug_ranges  0x00000078       0x28 main_mp.o
 .debug_ranges  0x000000a0       0x20 Minutnik.o
 .debug_ranges  0x000000c0       0x30 Przyciski.o
 .debug_ranges  0x000000f0       0xf8 rtc.o
 .debug_ranges  0x000001e8       0x60 twi-lowlevel.o
 .debug_ranges  0x00000248       0x90 twi.o

.debug_macro
 *(.debug_macro)
OUTPUT(GccApplication8.elf elf32-avr)
LOAD linker stubs
